Testing a...
Error testing a: timed out
Testing b...
Error testing b: timed out
Testing c...
Error testing c: timed out
Testing d...
Error testing d: timed out
Testing e...
Error testing e: timed out
Testing f...
Error testing f: timed out
Testing g...
Error testing g: timed out
Testing h...
Error testing h: timed out
Testing i...
Error testing i: timed out
Testing j...
Error testing j: timed out
Testing k...
Error testing k: timed out
Testing l...
Error testing l: timed out
Testing m...
Error testing m: timed out
Testing n...
Error testing n: timed out
Testing o...
Error testing o: timed out
Testing p...
Error testing p: timed out
Testing q...
Error testing q: timed out
Testing r...
Error testing r: timed out
Testing s...
Error testing s: timed out
Testing t...
Error testing t: timed out
Testing u...
Error testing u: timed out
Testing v...
Error testing v: timed out
Testing w...
Error testing w: timed out
Testing x...
Error testing x: timed out
Testing y...
Error testing y: timed out
Testing z...
Error testing z: timed out
Testing A...
Error testing A: timed out
Testing B...
Error testing B: timed out
Testing C...
Error testing C: timed out
Testing D...
Error testing D: timed out
Testing E...
Error testing E: timed out
Testing F...
Error testing F: timed out
Testing G...
Error testing G: timed out
Testing H...
Error testing H: timed out
Testing I...
Error testing I: timed out
Testing J...
Error testing J: timed out
Testing K...
Error testing K: timed out
Testing L...
Testing M...
Testing N...
Error testing N: timed out
Testing O...
Testing P...
Found P at [18]
Testing Q...
Testing S...
Testing U...
Found U at [15, 28]
Testing V...
Found V at [6]
Testing W...
Testing Y...
Found Y at [36]
Testing Z...
Testing 0...
Testing 1...
Found 1 at [4, 9, 30, 34]
Testing 2...
Error testing 2: timed out
Testing 3...
Error testing 3: timed out
Testing 4...
Found 4 at [7, 10, 19, 24, 32]
Testing 5...
Found 5 at [14, 17, 22]
Testing 6...
Testing 7...
Found 7 at [12, 31, 35]
Testing 8...
Found 8 at [16]
Testing 9...
Testing }...
Found } at [37]
Testing _...
Error testing _: timed out
Testing -...
Error testing -: timed out
Testing !...
Error testing !: timed out
Testing @...
Error testing @: timed out
Testing #...
Error testing #: timed out
Testing $...
Error testing $: timed out
Testing %...
Error testing %: timed out
Testing ^...
Error testing ^: timed out
Testing &...
Error testing &: timed out
Testing *...
Error testing *: timed out
TRX{1?V4R14?7?5U85P4??5?4???U?174R17Y}
