Testing a...
Testing b...
Testing c...
Testing d...
Testing e...
Testing f...
Testing g...
Testing h...
Testing i...
Testing j...
Testing k...
Testing l...
Testing m...
Testing n...
Testing o...
Testing p...
Testing q...
Testing r...
Testing s...
Testing t...
Testing u...
Testing v...
Testing w...
Testing x...
Testing y...
Testing z...
Testing A...
Testing B...
Testing C...
Found C at [20]
Testing D...
Found D at [26]
Testing E...
Testing F...
Testing G...
Testing H...
Testing I...
Testing J...
Testing K...
Testing L...
Testing M...
Testing N...
Found N at [5, 11, 25, 29]
Testing O...
Testing P...
Found P at [18]
Testing Q...
Testing S...
Testing U...
Found U at [15, 28]
Testing V...
Found V at [6]
Testing W...
Testing Y...
Found Y at [36]
Testing Z...
Testing 0...
Testing 1...
Found 1 at [4, 9, 30, 34]
Testing 2...
Testing 3...
Found 3 at [21]
Testing 4...
Found 4 at [7, 10, 19, 24, 32]
Testing 5...
Found 5 at [14, 17, 22]
Testing 6...
Testing 7...
Found 7 at [12, 31, 35]
Testing 8...
Found 8 at [16]
Testing 9...
Testing _...
Found _ at [13, 23, 27]
Testing -...
Testing !...
Testing @...
Testing #...
Testing $...
Testing %...
Testing ^...
Testing &...
Testing *...
TRX{1NV4R14N7_5U85P4C35_4ND_UN174R17Y}
